
R version 4.0.0 (2020-04-24) -- "Arbor Day"
Copyright (C) 2020 The R Foundation for Statistical Computing
Platform: x86_64-apple-darwin17.0 (64-bit)

R is free software and comes with ABSOLUTELY NO WARRANTY.
You are welcome to redistribute it under certain conditions.
Type 'license()' or 'licence()' for distribution details.

  Natural language support but running in an English locale

R is a collaborative project with many contributors.
Type 'contributors()' for more information and
'citation()' on how to cite R or R packages in publications.

Type 'demo()' for some demos, 'help()' for on-line help, or
'help.start()' for an HTML browser interface to help.
Type 'q()' to quit R.

During startup - Warning messages:
1: Setting LC_CTYPE failed, using "C" 
2: Setting LC_COLLATE failed, using "C" 
3: Setting LC_TIME failed, using "C" 
4: Setting LC_MESSAGES failed, using "C" 
5: Setting LC_MONETARY failed, using "C" 
[R.app GUI 1.71 (7827) x86_64-apple-darwin17.0]

WARNING: You're using a non-UTF8 locale, therefore only ASCII characters will work.
Please read R for Mac OS X FAQ (see Help) section 9 and adjust your system preferences accordingly.
[Workspace restored from /Users/jumar/.RData]
[History restored from /Users/jumar/.Rapp.history]

> c(1,2,3)
[1] 1 2 3
> v = c(1,2,3)
> v
[1] 1 2 3
> length(v)
[1] 3
> ls
function (name, pos = -1L, envir = as.environment(pos), all.names = FALSE, 
    pattern, sorted = TRUE) 
{
    if (!missing(name)) {
        pos <- tryCatch(name, error = function(e) e)
        if (inherits(pos, "error")) {
            name <- substitute(name)
            if (!is.character(name)) 
                name <- deparse(name)
            warning(gettextf("%s converted to character string", 
                sQuote(name)), domain = NA)
            pos <- name
        }
    }
    all.names <- .Internal(ls(envir, all.names, sorted))
    if (!missing(pattern)) {
        if ((ll <- length(grep("[", pattern, fixed = TRUE))) && 
            ll != length(grep("]", pattern, fixed = TRUE))) {
            if (pattern == "[") {
                pattern <- "\\["
                warning("replaced regular expression pattern '[' by  '\\\\['")
            }
            else if (length(grep("[^\\\\]\\[<-", pattern))) {
                pattern <- sub("\\[<-", "\\\\\\[<-", pattern)
                warning("replaced '[<-' by '\\\\[<-' in regular expression pattern")
            }
        }
        grep(pattern, all.names, value = TRUE)
    }
    else all.names
}
<bytecode: 0x7f9b23acfef8>
<environment: namespace:base>
> ls()
 [1] "DF"           "DT"           "DT1"          "DT2"          "affyData"     "affyMis"      "affyMisSmall" "allTables"    "big_df"       "doc"          "file"         "fileUrl"     
[13] "hg19"         "iris2"        "jsonData"     "myjson"       "n"            "query"        "result"       "rootNode"     "s1"           "s2"           "scores"       "teams"       
[25] "ucscDb"       "v"            "x"           
> ?ls
starting httpd help server ... done
> 
> ?ls
> ?matrix
> m = matrix(nrow=3 , ncol=4)
> m
     [,1] [,2] [,3] [,4]
[1,]   NA   NA   NA   NA
[2,]   NA   NA   NA   NA
[3,]   NA   NA   NA   NA
> m = matrix(data=c(1,2,3), nrow=3 , ncol=4)
> m
     [,1] [,2] [,3] [,4]
[1,]    1    1    1    1
[2,]    2    2    2    2
[3,]    3    3    3    3
> m = matrix(data=c(c(1,2,3),c(4,5,6), c(7,8,9)), nrow=3 , ncol=4)
Warning message:
In matrix(data = c(c(1, 2, 3), c(4, 5, 6), c(7, 8, 9)), nrow = 3,  :
  data length [9] is not a sub-multiple or multiple of the number of columns [4]
> m = matrix(data=c(c(1,2,3,4),c(5,6,7,8), c(9,10,11,12)), nrow=3 , ncol=4)
> m
     [,1] [,2] [,3] [,4]
[1,]    1    4    7   10
[2,]    2    5    8   11
[3,]    3    6    9   12
> rnorm()
Error in rnorm() : argument "n" is missing, with no default
> rnorm(n=100)
  [1] -0.717647048  0.774866212 -0.838811408  0.046373704  0.031544007  0.706463685  0.169531672  0.929414691  0.774546055 -0.435514634 -0.827899809 -0.225341968 -1.832114728  1.247710515
 [15] -0.423364044 -0.551247589 -1.270044607  1.367728431  0.091754535  0.269481188 -0.009344394  0.265637745  0.139404104 -0.212486720 -0.166367617  0.573188272  0.907005718 -0.703693775
 [29]  0.036500750 -0.668887436  0.805344566 -0.447367235  1.117728289  1.650544944  0.608561011 -1.029841572  1.230366006  0.197702781 -1.496265196  1.038543077 -1.057375010 -0.772539178
 [43] -0.545716987  0.395981579  0.052403826 -1.242950406 -0.580886441  0.032023378  2.058003586  1.349029094  1.139407991 -0.513949033  1.603081970 -0.649744691 -0.656227098 -0.011142501
 [57] -0.641034429  0.954299619  1.309846480 -0.051848335 -1.059296489 -0.660103601 -0.215953060  0.368908896 -0.243738405  2.191533141 -1.195208650  0.808589579  1.213979929 -0.135896782
 [71] -0.074869222 -1.815731305  1.327257028  1.120970562 -0.001836526  1.135825588 -0.161561073  0.468493944  0.440728929  1.053735514  1.037297677 -1.283411842  0.786650193  0.342264244
 [85]  1.120393941 -1.455274202 -1.008835905  0.335319729 -0.590628441 -1.849741340  0.009498439  0.642095454  0.438469702 -0.499112155 -0.725616478  0.238669669  0.661936767  3.275362748
 [99] -0.780322814 -0.726491886
> rnorm(4)
[1]  0.2277807 -0.1548391 -0.7178721  0.4553188
> mean(v)
[1] 2
> var(v)
[1] 1
> v
[1] 1 2 3
> sqrt(10)
[1] 3.162278
> x=rnorm(100)
> y=rnorm(100)
> plot(x,y)
> plot(x,y, xlab='My x', ylab='My s')
> pdf('Figure,pdf')
> plot(x,y)
> dev.off()
null device 
          1 
> z =outer(x,y,function(x,y) cos(y) / (1+x^2)))
Error: unexpected ')' in "z =outer(x,y,function(x,y) cos(y) / (1+x^2)))"
> z =outer(x,y,function(x,y) cos(y) / (1+x^2))
> counter(x,y,z)
Error in counter(x, y, z) : could not find function "counter"
> countour(x,y,z)
Error in countour(x, y, z) : could not find function "countour"
> contour(x,y,z)
Error in contour.default(x, y, z) : 
  increasing 'x' and 'y' values expected
> x=seq(1,10)
> y=
+ x
> y
 [1]  1  2  3  4  5  6  7  8  9 10
> countour(x,y,z)
Error in countour(x, y, z) : could not find function "countour"
> contour(x,y,z)
Error in contour.default(x, y, z) : dimension mismatch
> z =outer(x,y,function(x,y) cos(y) / (1+x^2))
> contour(x,y,z)
> contour(x,y,z,nlevels=45,add=T)
Error in contour.default(x, y, z, nlevels = 45, add = T) : 
  plot.new has not been called yet
> pers(x,y,z)
Error in pers(x, y, z) : could not find function "pers"
> persp(x,y,z)
> image(x,y,z)
> 
> 
> 
> heights = c(127.0, 156.0, 196.2, 177.1, 178.8, 169.2)
> plot(c)
> ?plot
> plot(heights)
> plot(heights, heights)
> persp(heights)
Error in seq.default(0, 1, length.out = ncol(z)) : 
  argument 'length.out' must be of length 1
> ?persp
> persp(heights, heights)
Error in persp.default(heights, heights) : 
  increasing 'x' and 'y' values expected
> persp(heights, heights, heights)
Error in persp.default(heights, heights, heights) : 
  increasing 'x' and 'y' values expected
> persp(x, y, heights)
Error in persp.default(x, y, heights) : invalid 'z' argument
> ?per
No documentation for 'per' in specified packages and libraries:
you could try '??per'
> persp()
Error in persp.default() : no 'z' matrix specified
> persp(z=heights)
Error in seq.default(0, 1, length.out = nrow(z)) : 
  argument 'length.out' must be of length 1
> persp(z=heights)
Error in seq.default(0, 1, length.out = nrow(z)) : 
  argument 'length.out' must be of length 1
> 
> 
> matrix(heights)
      [,1]
[1,] 127.0
[2,] 156.0
[3,] 196.2
[4,] 177.1
[5,] 178.8
[6,] 169.2
> matrix(heights, nrow=3, ncol=2)
      [,1]  [,2]
[1,] 127.0 177.1
[2,] 156.0 178.8
[3,] 196.2 169.2
> persp(matrix(heights, nrow=3, ncol=2))
> persp(z=matrix(heights, nrow=3, ncol=2))
> persp(x,y, z=matrix(heights, nrow=3, ncol=2))
Error in persp.default(x, y, z = matrix(heights, nrow = 3, ncol = 2)) : 
  invalid 'z' argument
> persp(x=x,y=y, z=matrix(heights, nrow=3, ncol=2))
Error in persp.default(x = x, y = y, z = matrix(heights, nrow = 3, ncol = 2)) : 
  invalid 'z' argument
> contour(x,y,z)
> ?outer
> z
             [,1]         [,2]         [,3]         [,4]        [,5]        [,6]        [,7]         [,8]         [,9]        [,10]
 [1,] 0.270151153 -0.208073418 -0.494996248 -0.326821810 0.141831093 0.480085143 0.376951127 -0.072750017 -0.455565131 -0.419535765
 [2,] 0.108060461 -0.083229367 -0.197998499 -0.130728724 0.056732437 0.192034057 0.150780451 -0.029100007 -0.182226052 -0.167814306
 [3,] 0.054030231 -0.041614684 -0.098999250 -0.065364362 0.028366219 0.096017029 0.075390225 -0.014550003 -0.091113026 -0.083907153
 [4,] 0.031782489 -0.024479226 -0.058234853 -0.038449625 0.016686011 0.056480605 0.044347191 -0.008558826 -0.053595898 -0.049357149
 [5,] 0.020780858 -0.016005648 -0.038076634 -0.025140139 0.010910084 0.036929626 0.028996241 -0.005596155 -0.035043472 -0.032271982
 [6,] 0.014602765 -0.011247212 -0.026756554 -0.017666044 0.007666546 0.025950548 0.020375737 -0.003932433 -0.024625142 -0.022677609
 [7,] 0.010806046 -0.008322937 -0.019799850 -0.013072872 0.005673244 0.019203406 0.015078045 -0.002910001 -0.018222605 -0.016781431
 [8,] 0.008312343 -0.006402259 -0.015230654 -0.010056056 0.004364034 0.014771851 0.011598496 -0.002238462 -0.014017389 -0.012908793
 [9,] 0.006589053 -0.005074961 -0.012073079 -0.007971264 0.003459295 0.011709394 0.009193930 -0.001774391 -0.011111345 -0.010232580
[10,] 0.005349528 -0.004120266 -0.009801906 -0.006471719 0.002808536 0.009506637 0.007464379 -0.001440594 -0.009021092 -0.008307639
> outer(x,y,function(x,y) x+y)
      [,1] [,2] [,3] [,4] [,5] [,6] [,7] [,8] [,9] [,10]
 [1,]    2    3    4    5    6    7    8    9   10    11
 [2,]    3    4    5    6    7    8    9   10   11    12
 [3,]    4    5    6    7    8    9   10   11   12    13
 [4,]    5    6    7    8    9   10   11   12   13    14
 [5,]    6    7    8    9   10   11   12   13   14    15
 [6,]    7    8    9   10   11   12   13   14   15    16
 [7,]    8    9   10   11   12   13   14   15   16    17
 [8,]    9   10   11   12   13   14   15   16   17    18
 [9,]   10   11   12   13   14   15   16   17   18    19
[10,]   11   12   13   14   15   16   17   18   19    20
> outer(x,y,function(x,y) x-y)
      [,1] [,2] [,3] [,4] [,5] [,6] [,7] [,8] [,9] [,10]
 [1,]    0   -1   -2   -3   -4   -5   -6   -7   -8    -9
 [2,]    1    0   -1   -2   -3   -4   -5   -6   -7    -8
 [3,]    2    1    0   -1   -2   -3   -4   -5   -6    -7
 [4,]    3    2    1    0   -1   -2   -3   -4   -5    -6
 [5,]    4    3    2    1    0   -1   -2   -3   -4    -5
 [6,]    5    4    3    2    1    0   -1   -2   -3    -4
 [7,]    6    5    4    3    2    1    0   -1   -2    -3
 [8,]    7    6    5    4    3    2    1    0   -1    -2
 [9,]    8    7    6    5    4    3    2    1    0    -1
[10,]    9    8    7    6    5    4    3    2    1     0
> contour(x,y,outer(x,y,function(x,y) x-y))
> 
> ?contour
> contour(x,y,outer(x,y,function(x,y) x-y), labels=["ahoj"])
Error: unexpected '[' in "contour(x,y,outer(x,y,function(x,y) x-y), labels=["
> contour(x,y,outer(x,y,function(x,y) x-y), labels=c("x", "y"))
> 
> 
> contour(x,y,outer(x,y,function(x,y) x+y), labels=c("x", "y"))
> 
> 
> contour(x,y,outer(x,y,function(x,y) x+y))
]
> contour(x,y,outer(x,y,function(x,y) x+y))
> image(x,y,outer(x,y,function(x,y) x+y))
> persp(x,y,outer(x,y,function(x,y) x+y))
> 
> 
> 
> A=matrix(1:16, 4,4)
> A
     [,1] [,2] [,3] [,4]
[1,]    1    5    9   13
[2,]    2    6   10   14
[3,]    3    7   11   15
[4,]    4    8   12   16
> 1:16
 [1]  1  2  3  4  5  6  7  8  9 10 11 12 13 14 15 16
> A[2,3]
[1] 10
> A[1:3,2:4]
     [,1] [,2] [,3]
[1,]    5    9   13
[2,]    6   10   14
[3,]    7   11   15
> # ahoj
> Auto=read.table("Auto.data")
Error in file(file, "rt") : cannot open the connection
In addition: Warning message:
In file(file, "rt") :
  cannot open file 'Auto.data': No such file or directory
Error in file.choose(TRUE) : file choice cancelled
> Auto=read.table("data/Auto.data")
> Aut
Error: object 'Aut' not found
> Auto
      V1        V2           V3         V4     V5           V6   V7     V8                                   V9
1    mpg cylinders displacement horsepower weight acceleration year origin                                 name
2   18.0         8        307.0      130.0  3504.         12.0   70      1            chevrolet chevelle malibu
3   15.0         8        350.0      165.0  3693.         11.5   70      1                    buick skylark 320
4   18.0         8        318.0      150.0  3436.         11.0   70      1                   plymouth satellite
5   16.0         8        304.0      150.0  3433.         12.0   70      1                        amc rebel sst
6   17.0         8        302.0      140.0  3449.         10.5   70      1                          ford torino
7   15.0         8        429.0      198.0  4341.         10.0   70      1                     ford galaxie 500
8   14.0         8        454.0      220.0  4354.          9.0   70      1                     chevrolet impala
9   14.0         8        440.0      215.0  4312.          8.5   70      1                    plymouth fury iii
10  14.0         8        455.0      225.0  4425.         10.0   70      1                     pontiac catalina
11  15.0         8        390.0      190.0  3850.          8.5   70      1                   amc ambassador dpl
12  15.0         8        383.0      170.0  3563.         10.0   70      1                  dodge challenger se
13  14.0         8        340.0      160.0  3609.          8.0   70      1                   plymouth 'cuda 340
14  15.0         8        400.0      150.0  3761.          9.5   70      1                chevrolet monte carlo
15  14.0         8        455.0      225.0  3086.         10.0   70      1              buick estate wagon (sw)
16  24.0         4        113.0      95.00  2372.         15.0   70      3                toyota corona mark ii
17  22.0         6        198.0      95.00  2833.         15.5   70      1                      plymouth duster
18  18.0         6        199.0      97.00  2774.         15.5   70      1                           amc hornet
19  21.0         6        200.0      85.00  2587.         16.0   70      1                        ford maverick
20  27.0         4        97.00      88.00  2130.         14.5   70      3                         datsun pl510
21  26.0         4        97.00      46.00  1835.         20.5   70      2         volkswagen 1131 deluxe sedan
22  25.0         4        110.0      87.00  2672.         17.5   70      2                          peugeot 504
23  24.0         4        107.0      90.00  2430.         14.5   70      2                          audi 100 ls
24  25.0         4        104.0      95.00  2375.         17.5   70      2                             saab 99e
25  26.0         4        121.0      113.0  2234.         12.5   70      2                             bmw 2002
26  21.0         6        199.0      90.00  2648.         15.0   70      1                          amc gremlin
27  10.0         8        360.0      215.0  4615.         14.0   70      1                            ford f250
28  10.0         8        307.0      200.0  4376.         15.0   70      1                            chevy c20
29  11.0         8        318.0      210.0  4382.         13.5   70      1                           dodge d200
30   9.0         8        304.0      193.0  4732.         18.5   70      1                             hi 1200d
31  27.0         4        97.00      88.00  2130.         14.5   71      3                         datsun pl510
32  28.0         4        140.0      90.00  2264.         15.5   71      1                  chevrolet vega 2300
33  25.0         4        113.0      95.00  2228.         14.0   71      3                        toyota corona
34  25.0         4        98.00          ?  2046.         19.0   71      1                           ford pinto
35  19.0         6        232.0      100.0  2634.         13.0   71      1                          amc gremlin
36  16.0         6        225.0      105.0  3439.         15.5   71      1            plymouth satellite custom
37  17.0         6        250.0      100.0  3329.         15.5   71      1            chevrolet chevelle malibu
38  19.0         6        250.0      88.00  3302.         15.5   71      1                      ford torino 500
39  18.0         6        232.0      100.0  3288.         15.5   71      1                          amc matador
40  14.0         8        350.0      165.0  4209.         12.0   71      1                     chevrolet impala
41  14.0         8        400.0      175.0  4464.         11.5   71      1            pontiac catalina brougham
42  14.0         8        351.0      153.0  4154.         13.5   71      1                     ford galaxie 500
43  14.0         8        318.0      150.0  4096.         13.0   71      1                    plymouth fury iii
44  12.0         8        383.0      180.0  4955.         11.5   71      1                    dodge monaco (sw)
45  13.0         8        400.0      170.0  4746.         12.0   71      1             ford country squire (sw)
46  13.0         8        400.0      175.0  5140.         12.0   71      1                  pontiac safari (sw)
47  18.0         6        258.0      110.0  2962.         13.5   71      1           amc hornet sportabout (sw)
48  22.0         4        140.0      72.00  2408.         19.0   71      1                  chevrolet vega (sw)
49  19.0         6        250.0      100.0  3282.         15.0   71      1                     pontiac firebird
50  18.0         6        250.0      88.00  3139.         14.5   71      1                         ford mustang
51  23.0         4        122.0      86.00  2220.         14.0   71      1                   mercury capri 2000
52  28.0         4        116.0      90.00  2123.         14.0   71      2                            opel 1900
53  30.0         4        79.00      70.00  2074.         19.5   71      2                          peugeot 304
54  30.0         4        88.00      76.00  2065.         14.5   71      2                            fiat 124b
55  31.0         4        71.00      65.00  1773.         19.0   71      3                  toyota corolla 1200
56  35.0         4        72.00      69.00  1613.         18.0   71      3                          datsun 1200
57  27.0         4        97.00      60.00  1834.         19.0   71      2                 volkswagen model 111
58  26.0         4        91.00      70.00  1955.         20.5   71      1                     plymouth cricket
59  24.0         4        113.0      95.00  2278.         15.5   72      3                toyota corona hardtop
60  25.0         4        97.50      80.00  2126.         17.0   72      1                   dodge colt hardtop
61  23.0         4        97.00      54.00  2254.         23.5   72      2                    volkswagen type 3
62  20.0         4        140.0      90.00  2408.         19.5   72      1                       chevrolet vega
63  21.0         4        122.0      86.00  2226.         16.5   72      1                  ford pinto runabout
64  13.0         8        350.0      165.0  4274.         12.0   72      1                     chevrolet impala
65  14.0         8        400.0      175.0  4385.         12.0   72      1                     pontiac catalina
66  15.0         8        318.0      150.0  4135.         13.5   72      1                    plymouth fury iii
67  14.0         8        351.0      153.0  4129.         13.0   72      1                     ford galaxie 500
68  17.0         8        304.0      150.0  3672.         11.5   72      1                   amc ambassador sst
69  11.0         8        429.0      208.0  4633.         11.0   72      1                      mercury marquis
70  13.0         8        350.0      155.0  4502.         13.5   72      1                 buick lesabre custom
71  12.0         8        350.0      160.0  4456.         13.5   72      1           oldsmobile delta 88 royale
72  13.0         8        400.0      190.0  4422.         12.5   72      1               chrysler newport royal
73  19.0         3        70.00      97.00  2330.         13.5   72      3                      mazda rx2 coupe
74  15.0         8        304.0      150.0  3892.         12.5   72      1                     amc matador (sw)
75  13.0         8        307.0      130.0  4098.         14.0   72      1     chevrolet chevelle concours (sw)
76  13.0         8        302.0      140.0  4294.         16.0   72      1                ford gran torino (sw)
77  14.0         8        318.0      150.0  4077.         14.0   72      1       plymouth satellite custom (sw)
78  18.0         4        121.0      112.0  2933.         14.5   72      2                      volvo 145e (sw)
79  22.0         4        121.0      76.00  2511.         18.0   72      2                  volkswagen 411 (sw)
80  21.0         4        120.0      87.00  2979.         19.5   72      2                     peugeot 504 (sw)
81  26.0         4        96.00      69.00  2189.         18.0   72      2                      renault 12 (sw)
82  22.0         4        122.0      86.00  2395.         16.0   72      1                      ford pinto (sw)
83  28.0         4        97.00      92.00  2288.         17.0   72      3                      datsun 510 (sw)
84  23.0         4        120.0      97.00  2506.         14.5   72      3          toyouta corona mark ii (sw)
85  28.0         4        98.00      80.00  2164.         15.0   72      1                      dodge colt (sw)
86  27.0         4        97.00      88.00  2100.         16.5   72      3             toyota corolla 1600 (sw)
87  13.0         8        350.0      175.0  4100.         13.0   73      1                    buick century 350
88  14.0         8        304.0      150.0  3672.         11.5   73      1                          amc matador
89  13.0         8        350.0      145.0  3988.         13.0   73      1                     chevrolet malibu
90  14.0         8        302.0      137.0  4042.         14.5   73      1                     ford gran torino
91  15.0         8        318.0      150.0  3777.         12.5   73      1                 dodge coronet custom
92  12.0         8        429.0      198.0  4952.         11.5   73      1             mercury marquis brougham
93  13.0         8        400.0      150.0  4464.         12.0   73      1            chevrolet caprice classic
94  13.0         8        351.0      158.0  4363.         13.0   73      1                             ford ltd
95  14.0         8        318.0      150.0  4237.         14.5   73      1             plymouth fury gran sedan
96  13.0         8        440.0      215.0  4735.         11.0   73      1         chrysler new yorker brougham
97  12.0         8        455.0      225.0  4951.         11.0   73      1             buick electra 225 custom
98  13.0         8        360.0      175.0  3821.         11.0   73      1              amc ambassador brougham
99  18.0         6        225.0      105.0  3121.         16.5   73      1                     plymouth valiant
100 16.0         6        250.0      100.0  3278.         18.0   73      1                chevrolet nova custom
101 18.0         6        232.0      100.0  2945.         16.0   73      1                           amc hornet
102 18.0         6        250.0      88.00  3021.         16.5   73      1                        ford maverick
103 23.0         6        198.0      95.00  2904.         16.0   73      1                      plymouth duster
104 26.0         4        97.00      46.00  1950.         21.0   73      2              volkswagen super beetle
105 11.0         8        400.0      150.0  4997.         14.0   73      1                     chevrolet impala
106 12.0         8        400.0      167.0  4906.         12.5   73      1                         ford country
107 13.0         8        360.0      170.0  4654.         13.0   73      1               plymouth custom suburb
108 12.0         8        350.0      180.0  4499.         12.5   73      1             oldsmobile vista cruiser
109 18.0         6        232.0      100.0  2789.         15.0   73      1                          amc gremlin
110 20.0         4        97.00      88.00  2279.         19.0   73      3                        toyota carina
111 21.0         4        140.0      72.00  2401.         19.5   73      1                       chevrolet vega
112 22.0         4        108.0      94.00  2379.         16.5   73      3                           datsun 610
113 18.0         3        70.00      90.00  2124.         13.5   73      3                            maxda rx3
114 19.0         4        122.0      85.00  2310.         18.5   73      1                           ford pinto
115 21.0         6        155.0      107.0  2472.         14.0   73      1                     mercury capri v6
116 26.0         4        98.00      90.00  2265.         15.5   73      2                 fiat 124 sport coupe
117 15.0         8        350.0      145.0  4082.         13.0   73      1              chevrolet monte carlo s
118 16.0         8        400.0      230.0  4278.         9.50   73      1                   pontiac grand prix
119 29.0         4        68.00      49.00  1867.         19.5   73      2                             fiat 128
120 24.0         4        116.0      75.00  2158.         15.5   73      2                           opel manta
121 20.0         4        114.0      91.00  2582.         14.0   73      2                           audi 100ls
122 19.0         4        121.0      112.0  2868.         15.5   73      2                          volvo 144ea
123 15.0         8        318.0      150.0  3399.         11.0   73      1                    dodge dart custom
124 24.0         4        121.0      110.0  2660.         14.0   73      2                            saab 99le
125 20.0         6        156.0      122.0  2807.         13.5   73      3                       toyota mark ii
126 11.0         8        350.0      180.0  3664.         11.0   73      1                     oldsmobile omega
127 20.0         6        198.0      95.00  3102.         16.5   74      1                      plymouth duster
128 21.0         6        200.0          ?  2875.         17.0   74      1                        ford maverick
129 19.0         6        232.0      100.0  2901.         16.0   74      1                           amc hornet
130 15.0         6        250.0      100.0  3336.         17.0   74      1                       chevrolet nova
131 31.0         4        79.00      67.00  1950.         19.0   74      3                          datsun b210
132 26.0         4        122.0      80.00  2451.         16.5   74      1                           ford pinto
133 32.0         4        71.00      65.00  1836.         21.0   74      3                  toyota corolla 1200
134 25.0         4        140.0      75.00  2542.         17.0   74      1                       chevrolet vega
135 16.0         6        250.0      100.0  3781.         17.0   74      1    chevrolet chevelle malibu classic
136 16.0         6        258.0      110.0  3632.         18.0   74      1                          amc matador
137 18.0         6        225.0      105.0  3613.         16.5   74      1           plymouth satellite sebring
138 16.0         8        302.0      140.0  4141.         14.0   74      1                     ford gran torino
139 13.0         8        350.0      150.0  4699.         14.5   74      1             buick century luxus (sw)
140 14.0         8        318.0      150.0  4457.         13.5   74      1            dodge coronet custom (sw)
141 14.0         8        302.0      140.0  4638.         16.0   74      1                ford gran torino (sw)
142 14.0         8        304.0      150.0  4257.         15.5   74      1                     amc matador (sw)
143 29.0         4        98.00      83.00  2219.         16.5   74      2                             audi fox
144 26.0         4        79.00      67.00  1963.         15.5   74      2                    volkswagen dasher
145 26.0         4        97.00      78.00  2300.         14.5   74      2                           opel manta
146 31.0         4        76.00      52.00  1649.         16.5   74      3                        toyota corona
147 32.0         4        83.00      61.00  2003.         19.0   74      3                           datsun 710
148 28.0         4        90.00      75.00  2125.         14.5   74      1                           dodge colt
149 24.0         4        90.00      75.00  2108.         15.5   74      2                             fiat 128
150 26.0         4        116.0      75.00  2246.         14.0   74      2                          fiat 124 tc
151 24.0         4        120.0      97.00  2489.         15.0   74      3                          honda civic
152 26.0         4        108.0      93.00  2391.         15.5   74      3                               subaru
153 31.0         4        79.00      67.00  2000.         16.0   74      2                            fiat x1.9
154 19.0         6        225.0      95.00  3264.         16.0   75      1              plymouth valiant custom
155 18.0         6        250.0      105.0  3459.         16.0   75      1                       chevrolet nova
156 15.0         6        250.0      72.00  3432.         21.0   75      1                      mercury monarch
157 15.0         6        250.0      72.00  3158.         19.5   75      1                        ford maverick
158 16.0         8        400.0      170.0  4668.         11.5   75      1                     pontiac catalina
159 15.0         8        350.0      145.0  4440.         14.0   75      1                    chevrolet bel air
160 16.0         8        318.0      150.0  4498.         14.5   75      1                  plymouth grand fury
161 14.0         8        351.0      148.0  4657.         13.5   75      1                             ford ltd
162 17.0         6        231.0      110.0  3907.         21.0   75      1                        buick century
163 16.0         6        250.0      105.0  3897.         18.5   75      1            chevroelt chevelle malibu
164 15.0         6        258.0      110.0  3730.         19.0   75      1                          amc matador
165 18.0         6        225.0      95.00  3785.         19.0   75      1                        plymouth fury
166 21.0         6        231.0      110.0  3039.         15.0   75      1                        buick skyhawk
167 20.0         8        262.0      110.0  3221.         13.5   75      1                  chevrolet monza 2+2
168 13.0         8        302.0      129.0  3169.         12.0   75      1                      ford mustang ii
169 29.0         4        97.00      75.00  2171.         16.0   75      3                       toyota corolla
170 23.0         4        140.0      83.00  2639.         17.0   75      1                           ford pinto
171 20.0         6        232.0      100.0  2914.         16.0   75      1                          amc gremlin
172 23.0         4        140.0      78.00  2592.         18.5   75      1                        pontiac astro
173 24.0         4        134.0      96.00  2702.         13.5   75      3                        toyota corona
174 25.0         4        90.00      71.00  2223.         16.5   75      2                    volkswagen dasher
175 24.0         4        119.0      97.00  2545.         17.0   75      3                           datsun 710
176 18.0         6        171.0      97.00  2984.         14.5   75      1                           ford pinto
177 29.0         4        90.00      70.00  1937.         14.0   75      2                    volkswagen rabbit
178 19.0         6        232.0      90.00  3211.         17.0   75      1                            amc pacer
179 23.0         4        115.0      95.00  2694.         15.0   75      2                           audi 100ls
180 23.0         4        120.0      88.00  2957.         17.0   75      2                          peugeot 504
181 22.0         4        121.0      98.00  2945.         14.5   75      2                          volvo 244dl
182 25.0         4        121.0      115.0  2671.         13.5   75      2                            saab 99le
183 33.0         4        91.00      53.00  1795.         17.5   75      3                     honda civic cvcc
184 28.0         4        107.0      86.00  2464.         15.5   76      2                             fiat 131
185 25.0         4        116.0      81.00  2220.         16.9   76      2                            opel 1900
186 25.0         4        140.0      92.00  2572.         14.9   76      1                             capri ii
187 26.0         4        98.00      79.00  2255.         17.7   76      1                           dodge colt
188 27.0         4        101.0      83.00  2202.         15.3   76      2                         renault 12tl
189 17.5         8        305.0      140.0  4215.         13.0   76      1    chevrolet chevelle malibu classic
190 16.0         8        318.0      150.0  4190.         13.0   76      1               dodge coronet brougham
191 15.5         8        304.0      120.0  3962.         13.9   76      1                          amc matador
192 14.5         8        351.0      152.0  4215.         12.8   76      1                     ford gran torino
193 22.0         6        225.0      100.0  3233.         15.4   76      1                     plymouth valiant
194 22.0         6        250.0      105.0  3353.         14.5   76      1                       chevrolet nova
195 24.0         6        200.0      81.00  3012.         17.6   76      1                        ford maverick
196 22.5         6        232.0      90.00  3085.         17.6   76      1                           amc hornet
197 29.0         4        85.00      52.00  2035.         22.2   76      1                   chevrolet chevette
198 24.5         4        98.00      60.00  2164.         22.1   76      1                      chevrolet woody
199 29.0         4        90.00      70.00  1937.         14.2   76      2                            vw rabbit
200 33.0         4        91.00      53.00  1795.         17.4   76      3                          honda civic
201 20.0         6        225.0      100.0  3651.         17.7   76      1                       dodge aspen se
202 18.0         6        250.0      78.00  3574.         21.0   76      1                    ford granada ghia
203 18.5         6        250.0      110.0  3645.         16.2   76      1                   pontiac ventura sj
204 17.5         6        258.0      95.00  3193.         17.8   76      1                        amc pacer d/l
205 29.5         4        97.00      71.00  1825.         12.2   76      2                    volkswagen rabbit
206 32.0         4        85.00      70.00  1990.         17.0   76      3                         datsun b-210
207 28.0         4        97.00      75.00  2155.         16.4   76      3                       toyota corolla
208 26.5         4        140.0      72.00  2565.         13.6   76      1                           ford pinto
209 20.0         4        130.0      102.0  3150.         15.7   76      2                            volvo 245
210 13.0         8        318.0      150.0  3940.         13.2   76      1           plymouth volare premier v8
211 19.0         4        120.0      88.00  3270.         21.9   76      2                          peugeot 504
212 19.0         6        156.0      108.0  2930.         15.5   76      3                       toyota mark ii
213 16.5         6        168.0      120.0  3820.         16.7   76      2                   mercedes-benz 280s
214 16.5         8        350.0      180.0  4380.         12.1   76      1                     cadillac seville
215 13.0         8        350.0      145.0  4055.         12.0   76      1                            chevy c10
216 13.0         8        302.0      130.0  3870.         15.0   76      1                            ford f108
217 13.0         8        318.0      150.0  3755.         14.0   76      1                           dodge d100
218 31.5         4        98.00      68.00  2045.         18.5   77      3                    honda accord cvcc
219 30.0         4        111.0      80.00  2155.         14.8   77      1              buick opel isuzu deluxe
220 36.0         4        79.00      58.00  1825.         18.6   77      2                        renault 5 gtl
221 25.5         4        122.0      96.00  2300.         15.5   77      1                    plymouth arrow gs
222 33.5         4        85.00      70.00  1945.         16.8   77      3                datsun f-10 hatchback
223 17.5         8        305.0      145.0  3880.         12.5   77      1            chevrolet caprice classic
224 17.0         8        260.0      110.0  4060.         19.0   77      1           oldsmobile cutlass supreme
225 15.5         8        318.0      145.0  4140.         13.7   77      1                dodge monaco brougham
226 15.0         8        302.0      130.0  4295.         14.9   77      1              mercury cougar brougham
227 17.5         6        250.0      110.0  3520.         16.4   77      1                   chevrolet concours
228 20.5         6        231.0      105.0  3425.         16.9   77      1                        buick skylark
229 19.0         6        225.0      100.0  3630.         17.7   77      1               plymouth volare custom
230 18.5         6        250.0      98.00  3525.         19.0   77      1                         ford granada
231 16.0         8        400.0      180.0  4220.         11.1   77      1                pontiac grand prix lj
232 15.5         8        350.0      170.0  4165.         11.4   77      1         chevrolet monte carlo landau
233 15.5         8        400.0      190.0  4325.         12.2   77      1                     chrysler cordoba
234 16.0         8        351.0      149.0  4335.         14.5   77      1                     ford thunderbird
235 29.0         4        97.00      78.00  1940.         14.5   77      2             volkswagen rabbit custom
236 24.5         4        151.0      88.00  2740.         16.0   77      1                pontiac sunbird coupe
237 26.0         4        97.00      75.00  2265.         18.2   77      3              toyota corolla liftback
238 25.5         4        140.0      89.00  2755.         15.8   77      1                  ford mustang ii 2+2
239 30.5         4        98.00      63.00  2051.         17.0   77      1                   chevrolet chevette
240 33.5         4        98.00      83.00  2075.         15.9   77      1                       dodge colt m/m
241 30.0         4        97.00      67.00  1985.         16.4   77      3                            subaru dl
242 30.5         4        97.00      78.00  2190.         14.1   77      2                    volkswagen dasher
243 22.0         6        146.0      97.00  2815.         14.5   77      3                           datsun 810
244 21.5         4        121.0      110.0  2600.         12.8   77      2                             bmw 320i
245 21.5         3        80.00      110.0  2720.         13.5   77      3                           mazda rx-4
246 43.1         4        90.00      48.00  1985.         21.5   78      2      volkswagen rabbit custom diesel
247 36.1         4        98.00      66.00  1800.         14.4   78      1                          ford fiesta
248 32.8         4        78.00      52.00  1985.         19.4   78      3                     mazda glc deluxe
249 39.4         4        85.00      70.00  2070.         18.6   78      3                       datsun b210 gx
250 36.1         4        91.00      60.00  1800.         16.4   78      3                     honda civic cvcc
251 19.9         8        260.0      110.0  3365.         15.5   78      1    oldsmobile cutlass salon brougham
252 19.4         8        318.0      140.0  3735.         13.2   78      1                       dodge diplomat
253 20.2         8        302.0      139.0  3570.         12.8   78      1                 mercury monarch ghia
254 19.2         6        231.0      105.0  3535.         19.2   78      1                   pontiac phoenix lj
255 20.5         6        200.0      95.00  3155.         18.2   78      1                     chevrolet malibu
256 20.2         6        200.0      85.00  2965.         15.8   78      1                 ford fairmont (auto)
257 25.1         4        140.0      88.00  2720.         15.4   78      1                  ford fairmont (man)
258 20.5         6        225.0      100.0  3430.         17.2   78      1                      plymouth volare
259 19.4         6        232.0      90.00  3210.         17.2   78      1                          amc concord
260 20.6         6        231.0      105.0  3380.         15.8   78      1                buick century special
261 20.8         6        200.0      85.00  3070.         16.7   78      1                       mercury zephyr
262 18.6         6        225.0      110.0  3620.         18.7   78      1                          dodge aspen
263 18.1         6        258.0      120.0  3410.         15.1   78      1                      amc concord d/l
264 19.2         8        305.0      145.0  3425.         13.2   78      1         chevrolet monte carlo landau
265 17.7         6        231.0      165.0  3445.         13.4   78      1      buick regal sport coupe (turbo)
266 18.1         8        302.0      139.0  3205.         11.2   78      1                          ford futura
267 17.5         8        318.0      140.0  4080.         13.7   78      1                      dodge magnum xe
268 30.0         4        98.00      68.00  2155.         16.5   78      1                   chevrolet chevette
269 27.5         4        134.0      95.00  2560.         14.2   78      3                        toyota corona
270 27.2         4        119.0      97.00  2300.         14.7   78      3                           datsun 510
271 30.9         4        105.0      75.00  2230.         14.5   78      1                           dodge omni
272 21.1         4        134.0      95.00  2515.         14.8   78      3            toyota celica gt liftback
273 23.2         4        156.0      105.0  2745.         16.7   78      1                     plymouth sapporo
274 23.8         4        151.0      85.00  2855.         17.6   78      1               oldsmobile starfire sx
275 23.9         4        119.0      97.00  2405.         14.9   78      3                        datsun 200-sx
276 20.3         5        131.0      103.0  2830.         15.9   78      2                            audi 5000
277 17.0         6        163.0      125.0  3140.         13.6   78      2                          volvo 264gl
278 21.6         4        121.0      115.0  2795.         15.7   78      2                           saab 99gle
279 16.2         6        163.0      133.0  3410.         15.8   78      2                        peugeot 604sl
280 31.5         4        89.00      71.00  1990.         14.9   78      2                  volkswagen scirocco
281 29.5         4        98.00      68.00  2135.         16.6   78      3                      honda accord lx
282 21.5         6        231.0      115.0  3245.         15.4   79      1                    pontiac lemans v6
283 19.8         6        200.0      85.00  2990.         18.2   79      1                     mercury zephyr 6
284 22.3         4        140.0      88.00  2890.         17.3   79      1                      ford fairmont 4
285 20.2         6        232.0      90.00  3265.         18.2   79      1                     amc concord dl 6
286 20.6         6        225.0      110.0  3360.         16.6   79      1                        dodge aspen 6
287 17.0         8        305.0      130.0  3840.         15.4   79      1            chevrolet caprice classic
288 17.6         8        302.0      129.0  3725.         13.4   79      1                      ford ltd landau
289 16.5         8        351.0      138.0  3955.         13.2   79      1                mercury grand marquis
290 18.2         8        318.0      135.0  3830.         15.2   79      1                      dodge st. regis
291 16.9         8        350.0      155.0  4360.         14.9   79      1              buick estate wagon (sw)
292 15.5         8        351.0      142.0  4054.         14.3   79      1             ford country squire (sw)
293 19.2         8        267.0      125.0  3605.         15.0   79      1        chevrolet malibu classic (sw)
294 18.5         8        360.0      150.0  3940.         13.0   79      1 chrysler lebaron town @ country (sw)
295 31.9         4        89.00      71.00  1925.         14.0   79      2                     vw rabbit custom
296 34.1         4        86.00      65.00  1975.         15.2   79      3                     maxda glc deluxe
297 35.7         4        98.00      80.00  1915.         14.4   79      1          dodge colt hatchback custom
298 27.4         4        121.0      80.00  2670.         15.0   79      1                        amc spirit dl
299 25.4         5        183.0      77.00  3530.         20.1   79      2                   mercedes benz 300d
300 23.0         8        350.0      125.0  3900.         17.4   79      1                    cadillac eldorado
301 27.2         4        141.0      71.00  3190.         24.8   79      2                          peugeot 504
302 23.9         8        260.0      90.00  3420.         22.2   79      1    oldsmobile cutlass salon brougham
303 34.2         4        105.0      70.00  2200.         13.2   79      1                     plymouth horizon
304 34.5         4        105.0      70.00  2150.         14.9   79      1                 plymouth horizon tc3
305 31.8         4        85.00      65.00  2020.         19.2   79      3                           datsun 210
306 37.3         4        91.00      69.00  2130.         14.7   79      2                   fiat strada custom
307 28.4         4        151.0      90.00  2670.         16.0   79      1                buick skylark limited
308 28.8         6        173.0      115.0  2595.         11.3   79      1                   chevrolet citation
309 26.8         6        173.0      115.0  2700.         12.9   79      1            oldsmobile omega brougham
310 33.5         4        151.0      90.00  2556.         13.2   79      1                      pontiac phoenix
311 41.5         4        98.00      76.00  2144.         14.7   80      2                            vw rabbit
312 38.1         4        89.00      60.00  1968.         18.8   80      3                toyota corolla tercel
313 32.1         4        98.00      70.00  2120.         15.5   80      1                   chevrolet chevette
314 37.2         4        86.00      65.00  2019.         16.4   80      3                           datsun 310
315 28.0         4        151.0      90.00  2678.         16.5   80      1                   chevrolet citation
316 26.4         4        140.0      88.00  2870.         18.1   80      1                        ford fairmont
317 24.3         4        151.0      90.00  3003.         20.1   80      1                          amc concord
318 19.1         6        225.0      90.00  3381.         18.7   80      1                          dodge aspen
319 34.3         4        97.00      78.00  2188.         15.8   80      2                            audi 4000
320 29.8         4        134.0      90.00  2711.         15.5   80      3               toyota corona liftback
321 31.3         4        120.0      75.00  2542.         17.5   80      3                            mazda 626
322 37.0         4        119.0      92.00  2434.         15.0   80      3                 datsun 510 hatchback
323 32.2         4        108.0      75.00  2265.         15.2   80      3                       toyota corolla
324 46.6         4        86.00      65.00  2110.         17.9   80      3                            mazda glc
325 27.9         4        156.0      105.0  2800.         14.4   80      1                           dodge colt
326 40.8         4        85.00      65.00  2110.         19.2   80      3                           datsun 210
327 44.3         4        90.00      48.00  2085.         21.7   80      2                 vw rabbit c (diesel)
328 43.4         4        90.00      48.00  2335.         23.7   80      2                   vw dasher (diesel)
329 36.4         5        121.0      67.00  2950.         19.9   80      2                  audi 5000s (diesel)
330 30.0         4        146.0      67.00  3250.         21.8   80      2                   mercedes-benz 240d
331 44.6         4        91.00      67.00  1850.         13.8   80      3                  honda civic 1500 gl
332 40.9         4        85.00          ?  1835.         17.3   80      2                 renault lecar deluxe
333 33.8         4        97.00      67.00  2145.         18.0   80      3                            subaru dl
334 29.8         4        89.00      62.00  1845.         15.3   80      2                     vokswagen rabbit
335 32.7         6        168.0      132.0  2910.         11.4   80      3                        datsun 280-zx
336 23.7         3        70.00      100.0  2420.         12.5   80      3                        mazda rx-7 gs
337 35.0         4        122.0      88.00  2500.         15.1   80      2                    triumph tr7 coupe
338 23.6         4        140.0          ?  2905.         14.3   80      1                   ford mustang cobra
339 32.4         4        107.0      72.00  2290.         17.0   80      3                         honda accord
340 27.2         4        135.0      84.00  2490.         15.7   81      1                     plymouth reliant
341 26.6         4        151.0      84.00  2635.         16.4   81      1                        buick skylark
342 25.8         4        156.0      92.00  2620.         14.4   81      1               dodge aries wagon (sw)
343 23.5         6        173.0      110.0  2725.         12.6   81      1                   chevrolet citation
344 30.0         4        135.0      84.00  2385.         12.9   81      1                     plymouth reliant
345 39.1         4        79.00      58.00  1755.         16.9   81      3                       toyota starlet
346 39.0         4        86.00      64.00  1875.         16.4   81      1                       plymouth champ
347 35.1         4        81.00      60.00  1760.         16.1   81      3                     honda civic 1300
348 32.3         4        97.00      67.00  2065.         17.8   81      3                               subaru
349 37.0         4        85.00      65.00  1975.         19.4   81      3                       datsun 210 mpg
350 37.7         4        89.00      62.00  2050.         17.3   81      3                        toyota tercel
351 34.1         4        91.00      68.00  1985.         16.0   81      3                          mazda glc 4
352 34.7         4        105.0      63.00  2215.         14.9   81      1                   plymouth horizon 4
353 34.4         4        98.00      65.00  2045.         16.2   81      1                       ford escort 4w
354 29.9         4        98.00      65.00  2380.         20.7   81      1                       ford escort 2h
355 33.0         4        105.0      74.00  2190.         14.2   81      2                     volkswagen jetta
356 34.5         4        100.0          ?  2320.         15.8   81      2                          renault 18i
357 33.7         4        107.0      75.00  2210.         14.4   81      3                        honda prelude
358 32.4         4        108.0      75.00  2350.         16.8   81      3                       toyota corolla
359 32.9         4        119.0      100.0  2615.         14.8   81      3                         datsun 200sx
360 31.6         4        120.0      74.00  2635.         18.3   81      3                            mazda 626
361 28.1         4        141.0      80.00  3230.         20.4   81      2            peugeot 505s turbo diesel
362 30.7         6        145.0      76.00  3160.         19.6   81      2                         volvo diesel
363 25.4         6        168.0      116.0  2900.         12.6   81      3                      toyota cressida
364 24.2         6        146.0      120.0  2930.         13.8   81      3                    datsun 810 maxima
365 22.4         6        231.0      110.0  3415.         15.8   81      1                        buick century
366 26.6         8        350.0      105.0  3725.         19.0   81      1                oldsmobile cutlass ls
367 20.2         6        200.0      88.00  3060.         17.1   81      1                      ford granada gl
368 17.6         6        225.0      85.00  3465.         16.6   81      1               chrysler lebaron salon
369 28.0         4        112.0      88.00  2605.         19.6   82      1                   chevrolet cavalier
370 27.0         4        112.0      88.00  2640.         18.6   82      1             chevrolet cavalier wagon
371 34.0         4        112.0      88.00  2395.         18.0   82      1            chevrolet cavalier 2-door
372 31.0         4        112.0      85.00  2575.         16.2   82      1           pontiac j2000 se hatchback
373 29.0         4        135.0      84.00  2525.         16.0   82      1                       dodge aries se
374 27.0         4        151.0      90.00  2735.         18.0   82      1                      pontiac phoenix
375 24.0         4        140.0      92.00  2865.         16.4   82      1                 ford fairmont futura
376 36.0         4        105.0      74.00  1980.         15.3   82      2                  volkswagen rabbit l
377 37.0         4        91.00      68.00  2025.         18.2   82      3                   mazda glc custom l
378 31.0         4        91.00      68.00  1970.         17.6   82      3                     mazda glc custom
379 38.0         4        105.0      63.00  2125.         14.7   82      1               plymouth horizon miser
380 36.0         4        98.00      70.00  2125.         17.3   82      1                       mercury lynx l
381 36.0         4        120.0      88.00  2160.         14.5   82      3                     nissan stanza xe
382 36.0         4        107.0      75.00  2205.         14.5   82      3                         honda accord
383 34.0         4        108.0      70.00   2245         16.9   82      3                       toyota corolla
384 38.0         4        91.00      67.00  1965.         15.0   82      3                          honda civic
385 32.0         4        91.00      67.00  1965.         15.7   82      3                   honda civic (auto)
386 38.0         4        91.00      67.00  1995.         16.2   82      3                        datsun 310 gx
387 25.0         6        181.0      110.0  2945.         16.4   82      1                buick century limited
388 38.0         6        262.0      85.00  3015.         17.0   82      1    oldsmobile cutlass ciera (diesel)
389 26.0         4        156.0      92.00  2585.         14.5   82      1           chrysler lebaron medallion
390 22.0         6        232.0      112.0   2835         14.7   82      1                       ford granada l
391 32.0         4        144.0      96.00  2665.         13.9   82      3                     toyota celica gt
392 36.0         4        135.0      84.00  2370.         13.0   82      1                    dodge charger 2.2
393 27.0         4        151.0      90.00  2950.         17.3   82      1                     chevrolet camaro
394 27.0         4        140.0      86.00  2790.         15.6   82      1                      ford mustang gl
395 44.0         4        97.00      52.00  2130.         24.6   82      2                            vw pickup
396 32.0         4        135.0      84.00  2295.         11.6   82      1                        dodge rampage
397 28.0         4        120.0      79.00  2625.         18.6   82      1                          ford ranger
398 31.0         4        119.0      82.00  2720.         19.4   82      1                           chevy s-10
> fix(Auto)
Error in edit.data.frame(get(subx, envir = parent), title = subx, ...) : 
  editing cancelled

> 
> fix(Auto)
> 
> 
> 
> 
> Auto = read.csv("Auto.csv", header=T, na.strings="?")
Error in file(file, "rt") : cannot open the connection
In addition: Warning message:
In file(file, "rt") :
  cannot open file 'Auto.csv': No such file or directory
> Auto = read.csv("data/Auto.csv", header=T, na.strings="?")
> Auto
     mpg cylinders displacement horsepower weight acceleration year origin                                 name
1   18.0         8        307.0        130   3504         12.0   70      1            chevrolet chevelle malibu
2   15.0         8        350.0        165   3693         11.5   70      1                    buick skylark 320
3   18.0         8        318.0        150   3436         11.0   70      1                   plymouth satellite
4   16.0         8        304.0        150   3433         12.0   70      1                        amc rebel sst
5   17.0         8        302.0        140   3449         10.5   70      1                          ford torino
6   15.0         8        429.0        198   4341         10.0   70      1                     ford galaxie 500
7   14.0         8        454.0        220   4354          9.0   70      1                     chevrolet impala
8   14.0         8        440.0        215   4312          8.5   70      1                    plymouth fury iii
9   14.0         8        455.0        225   4425         10.0   70      1                     pontiac catalina
10  15.0         8        390.0        190   3850          8.5   70      1                   amc ambassador dpl
11  15.0         8        383.0        170   3563         10.0   70      1                  dodge challenger se
12  14.0         8        340.0        160   3609          8.0   70      1                   plymouth 'cuda 340
13  15.0         8        400.0        150   3761          9.5   70      1                chevrolet monte carlo
14  14.0         8        455.0        225   3086         10.0   70      1              buick estate wagon (sw)
15  24.0         4        113.0         95   2372         15.0   70      3                toyota corona mark ii
16  22.0         6        198.0         95   2833         15.5   70      1                      plymouth duster
17  18.0         6        199.0         97   2774         15.5   70      1                           amc hornet
18  21.0         6        200.0         85   2587         16.0   70      1                        ford maverick
19  27.0         4         97.0         88   2130         14.5   70      3                         datsun pl510
20  26.0         4         97.0         46   1835         20.5   70      2         volkswagen 1131 deluxe sedan
21  25.0         4        110.0         87   2672         17.5   70      2                          peugeot 504
22  24.0         4        107.0         90   2430         14.5   70      2                          audi 100 ls
23  25.0         4        104.0         95   2375         17.5   70      2                             saab 99e
24  26.0         4        121.0        113   2234         12.5   70      2                             bmw 2002
25  21.0         6        199.0         90   2648         15.0   70      1                          amc gremlin
26  10.0         8        360.0        215   4615         14.0   70      1                            ford f250
27  10.0         8        307.0        200   4376         15.0   70      1                            chevy c20
28  11.0         8        318.0        210   4382         13.5   70      1                           dodge d200
29   9.0         8        304.0        193   4732         18.5   70      1                             hi 1200d
30  27.0         4         97.0         88   2130         14.5   71      3                         datsun pl510
31  28.0         4        140.0         90   2264         15.5   71      1                  chevrolet vega 2300
32  25.0         4        113.0         95   2228         14.0   71      3                        toyota corona
33  25.0         4         98.0         NA   2046         19.0   71      1                           ford pinto
34  19.0         6        232.0        100   2634         13.0   71      1                          amc gremlin
35  16.0         6        225.0        105   3439         15.5   71      1            plymouth satellite custom
36  17.0         6        250.0        100   3329         15.5   71      1            chevrolet chevelle malibu
37  19.0         6        250.0         88   3302         15.5   71      1                      ford torino 500
38  18.0         6        232.0        100   3288         15.5   71      1                          amc matador
39  14.0         8        350.0        165   4209         12.0   71      1                     chevrolet impala
40  14.0         8        400.0        175   4464         11.5   71      1            pontiac catalina brougham
41  14.0         8        351.0        153   4154         13.5   71      1                     ford galaxie 500
42  14.0         8        318.0        150   4096         13.0   71      1                    plymouth fury iii
43  12.0         8        383.0        180   4955         11.5   71      1                    dodge monaco (sw)
44  13.0         8        400.0        170   4746         12.0   71      1             ford country squire (sw)
45  13.0         8        400.0        175   5140         12.0   71      1                  pontiac safari (sw)
46  18.0         6        258.0        110   2962         13.5   71      1           amc hornet sportabout (sw)
47  22.0         4        140.0         72   2408         19.0   71      1                  chevrolet vega (sw)
48  19.0         6        250.0        100   3282         15.0   71      1                     pontiac firebird
49  18.0         6        250.0         88   3139         14.5   71      1                         ford mustang
50  23.0         4        122.0         86   2220         14.0   71      1                   mercury capri 2000
51  28.0         4        116.0         90   2123         14.0   71      2                            opel 1900
52  30.0         4         79.0         70   2074         19.5   71      2                          peugeot 304
53  30.0         4         88.0         76   2065         14.5   71      2                            fiat 124b
54  31.0         4         71.0         65   1773         19.0   71      3                  toyota corolla 1200
55  35.0         4         72.0         69   1613         18.0   71      3                          datsun 1200
56  27.0         4         97.0         60   1834         19.0   71      2                 volkswagen model 111
57  26.0         4         91.0         70   1955         20.5   71      1                     plymouth cricket
58  24.0         4        113.0         95   2278         15.5   72      3                toyota corona hardtop
59  25.0         4         97.5         80   2126         17.0   72      1                   dodge colt hardtop
60  23.0         4         97.0         54   2254         23.5   72      2                    volkswagen type 3
61  20.0         4        140.0         90   2408         19.5   72      1                       chevrolet vega
62  21.0         4        122.0         86   2226         16.5   72      1                  ford pinto runabout
63  13.0         8        350.0        165   4274         12.0   72      1                     chevrolet impala
64  14.0         8        400.0        175   4385         12.0   72      1                     pontiac catalina
65  15.0         8        318.0        150   4135         13.5   72      1                    plymouth fury iii
66  14.0         8        351.0        153   4129         13.0   72      1                     ford galaxie 500
67  17.0         8        304.0        150   3672         11.5   72      1                   amc ambassador sst
68  11.0         8        429.0        208   4633         11.0   72      1                      mercury marquis
69  13.0         8        350.0        155   4502         13.5   72      1                 buick lesabre custom
70  12.0         8        350.0        160   4456         13.5   72      1           oldsmobile delta 88 royale
71  13.0         8        400.0        190   4422         12.5   72      1               chrysler newport royal
72  19.0         3         70.0         97   2330         13.5   72      3                      mazda rx2 coupe
73  15.0         8        304.0        150   3892         12.5   72      1                     amc matador (sw)
74  13.0         8        307.0        130   4098         14.0   72      1     chevrolet chevelle concours (sw)
75  13.0         8        302.0        140   4294         16.0   72      1                ford gran torino (sw)
76  14.0         8        318.0        150   4077         14.0   72      1       plymouth satellite custom (sw)
77  18.0         4        121.0        112   2933         14.5   72      2                      volvo 145e (sw)
78  22.0         4        121.0         76   2511         18.0   72      2                  volkswagen 411 (sw)
79  21.0         4        120.0         87   2979         19.5   72      2                     peugeot 504 (sw)
80  26.0         4         96.0         69   2189         18.0   72      2                      renault 12 (sw)
81  22.0         4        122.0         86   2395         16.0   72      1                      ford pinto (sw)
82  28.0         4         97.0         92   2288         17.0   72      3                      datsun 510 (sw)
83  23.0         4        120.0         97   2506         14.5   72      3          toyouta corona mark ii (sw)
84  28.0         4         98.0         80   2164         15.0   72      1                      dodge colt (sw)
85  27.0         4         97.0         88   2100         16.5   72      3             toyota corolla 1600 (sw)
86  13.0         8        350.0        175   4100         13.0   73      1                    buick century 350
87  14.0         8        304.0        150   3672         11.5   73      1                          amc matador
88  13.0         8        350.0        145   3988         13.0   73      1                     chevrolet malibu
89  14.0         8        302.0        137   4042         14.5   73      1                     ford gran torino
90  15.0         8        318.0        150   3777         12.5   73      1                 dodge coronet custom
91  12.0         8        429.0        198   4952         11.5   73      1             mercury marquis brougham
92  13.0         8        400.0        150   4464         12.0   73      1            chevrolet caprice classic
93  13.0         8        351.0        158   4363         13.0   73      1                             ford ltd
94  14.0         8        318.0        150   4237         14.5   73      1             plymouth fury gran sedan
95  13.0         8        440.0        215   4735         11.0   73      1         chrysler new yorker brougham
96  12.0         8        455.0        225   4951         11.0   73      1             buick electra 225 custom
97  13.0         8        360.0        175   3821         11.0   73      1              amc ambassador brougham
98  18.0         6        225.0        105   3121         16.5   73      1                     plymouth valiant
99  16.0         6        250.0        100   3278         18.0   73      1                chevrolet nova custom
100 18.0         6        232.0        100   2945         16.0   73      1                           amc hornet
101 18.0         6        250.0         88   3021         16.5   73      1                        ford maverick
102 23.0         6        198.0         95   2904         16.0   73      1                      plymouth duster
103 26.0         4         97.0         46   1950         21.0   73      2              volkswagen super beetle
104 11.0         8        400.0        150   4997         14.0   73      1                     chevrolet impala
105 12.0         8        400.0        167   4906         12.5   73      1                         ford country
106 13.0         8        360.0        170   4654         13.0   73      1               plymouth custom suburb
107 12.0         8        350.0        180   4499         12.5   73      1             oldsmobile vista cruiser
108 18.0         6        232.0        100   2789         15.0   73      1                          amc gremlin
109 20.0         4         97.0         88   2279         19.0   73      3                        toyota carina
110 21.0         4        140.0         72   2401         19.5   73      1                       chevrolet vega
111 22.0         4        108.0         94   2379         16.5   73      3                           datsun 610
112 18.0         3         70.0         90   2124         13.5   73      3                            maxda rx3
113 19.0         4        122.0         85   2310         18.5   73      1                           ford pinto
114 21.0         6        155.0        107   2472         14.0   73      1                     mercury capri v6
115 26.0         4         98.0         90   2265         15.5   73      2                 fiat 124 sport coupe
116 15.0         8        350.0        145   4082         13.0   73      1              chevrolet monte carlo s
117 16.0         8        400.0        230   4278          9.5   73      1                   pontiac grand prix
118 29.0         4         68.0         49   1867         19.5   73      2                             fiat 128
119 24.0         4        116.0         75   2158         15.5   73      2                           opel manta
120 20.0         4        114.0         91   2582         14.0   73      2                           audi 100ls
121 19.0         4        121.0        112   2868         15.5   73      2                          volvo 144ea
122 15.0         8        318.0        150   3399         11.0   73      1                    dodge dart custom
123 24.0         4        121.0        110   2660         14.0   73      2                            saab 99le
124 20.0         6        156.0        122   2807         13.5   73      3                       toyota mark ii
125 11.0         8        350.0        180   3664         11.0   73      1                     oldsmobile omega
126 20.0         6        198.0         95   3102         16.5   74      1                      plymouth duster
127 21.0         6        200.0         NA   2875         17.0   74      1                        ford maverick
128 19.0         6        232.0        100   2901         16.0   74      1                           amc hornet
129 15.0         6        250.0        100   3336         17.0   74      1                       chevrolet nova
130 31.0         4         79.0         67   1950         19.0   74      3                          datsun b210
131 26.0         4        122.0         80   2451         16.5   74      1                           ford pinto
132 32.0         4         71.0         65   1836         21.0   74      3                  toyota corolla 1200
133 25.0         4        140.0         75   2542         17.0   74      1                       chevrolet vega
134 16.0         6        250.0        100   3781         17.0   74      1    chevrolet chevelle malibu classic
135 16.0         6        258.0        110   3632         18.0   74      1                          amc matador
136 18.0         6        225.0        105   3613         16.5   74      1           plymouth satellite sebring
137 16.0         8        302.0        140   4141         14.0   74      1                     ford gran torino
138 13.0         8        350.0        150   4699         14.5   74      1             buick century luxus (sw)
139 14.0         8        318.0        150   4457         13.5   74      1            dodge coronet custom (sw)
140 14.0         8        302.0        140   4638         16.0   74      1                ford gran torino (sw)
141 14.0         8        304.0        150   4257         15.5   74      1                     amc matador (sw)
142 29.0         4         98.0         83   2219         16.5   74      2                             audi fox
143 26.0         4         79.0         67   1963         15.5   74      2                    volkswagen dasher
144 26.0         4         97.0         78   2300         14.5   74      2                           opel manta
145 31.0         4         76.0         52   1649         16.5   74      3                        toyota corona
146 32.0         4         83.0         61   2003         19.0   74      3                           datsun 710
147 28.0         4         90.0         75   2125         14.5   74      1                           dodge colt
148 24.0         4         90.0         75   2108         15.5   74      2                             fiat 128
149 26.0         4        116.0         75   2246         14.0   74      2                          fiat 124 tc
150 24.0         4        120.0         97   2489         15.0   74      3                          honda civic
151 26.0         4        108.0         93   2391         15.5   74      3                               subaru
152 31.0         4         79.0         67   2000         16.0   74      2                            fiat x1.9
153 19.0         6        225.0         95   3264         16.0   75      1              plymouth valiant custom
154 18.0         6        250.0        105   3459         16.0   75      1                       chevrolet nova
155 15.0         6        250.0         72   3432         21.0   75      1                      mercury monarch
156 15.0         6        250.0         72   3158         19.5   75      1                        ford maverick
157 16.0         8        400.0        170   4668         11.5   75      1                     pontiac catalina
158 15.0         8        350.0        145   4440         14.0   75      1                    chevrolet bel air
159 16.0         8        318.0        150   4498         14.5   75      1                  plymouth grand fury
160 14.0         8        351.0        148   4657         13.5   75      1                             ford ltd
161 17.0         6        231.0        110   3907         21.0   75      1                        buick century
162 16.0         6        250.0        105   3897         18.5   75      1            chevroelt chevelle malibu
163 15.0         6        258.0        110   3730         19.0   75      1                          amc matador
164 18.0         6        225.0         95   3785         19.0   75      1                        plymouth fury
165 21.0         6        231.0        110   3039         15.0   75      1                        buick skyhawk
166 20.0         8        262.0        110   3221         13.5   75      1                  chevrolet monza 2+2
167 13.0         8        302.0        129   3169         12.0   75      1                      ford mustang ii
168 29.0         4         97.0         75   2171         16.0   75      3                       toyota corolla
169 23.0         4        140.0         83   2639         17.0   75      1                           ford pinto
170 20.0         6        232.0        100   2914         16.0   75      1                          amc gremlin
171 23.0         4        140.0         78   2592         18.5   75      1                        pontiac astro
172 24.0         4        134.0         96   2702         13.5   75      3                        toyota corona
173 25.0         4         90.0         71   2223         16.5   75      2                    volkswagen dasher
174 24.0         4        119.0         97   2545         17.0   75      3                           datsun 710
175 18.0         6        171.0         97   2984         14.5   75      1                           ford pinto
176 29.0         4         90.0         70   1937         14.0   75      2                    volkswagen rabbit
177 19.0         6        232.0         90   3211         17.0   75      1                            amc pacer
178 23.0         4        115.0         95   2694         15.0   75      2                           audi 100ls
179 23.0         4        120.0         88   2957         17.0   75      2                          peugeot 504
180 22.0         4        121.0         98   2945         14.5   75      2                          volvo 244dl
181 25.0         4        121.0        115   2671         13.5   75      2                            saab 99le
182 33.0         4         91.0         53   1795         17.5   75      3                     honda civic cvcc
183 28.0         4        107.0         86   2464         15.5   76      2                             fiat 131
184 25.0         4        116.0         81   2220         16.9   76      2                            opel 1900
185 25.0         4        140.0         92   2572         14.9   76      1                             capri ii
186 26.0         4         98.0         79   2255         17.7   76      1                           dodge colt
187 27.0         4        101.0         83   2202         15.3   76      2                         renault 12tl
188 17.5         8        305.0        140   4215         13.0   76      1    chevrolet chevelle malibu classic
189 16.0         8        318.0        150   4190         13.0   76      1               dodge coronet brougham
190 15.5         8        304.0        120   3962         13.9   76      1                          amc matador
191 14.5         8        351.0        152   4215         12.8   76      1                     ford gran torino
192 22.0         6        225.0        100   3233         15.4   76      1                     plymouth valiant
193 22.0         6        250.0        105   3353         14.5   76      1                       chevrolet nova
194 24.0         6        200.0         81   3012         17.6   76      1                        ford maverick
195 22.5         6        232.0         90   3085         17.6   76      1                           amc hornet
196 29.0         4         85.0         52   2035         22.2   76      1                   chevrolet chevette
197 24.5         4         98.0         60   2164         22.1   76      1                      chevrolet woody
198 29.0         4         90.0         70   1937         14.2   76      2                            vw rabbit
199 33.0         4         91.0         53   1795         17.4   76      3                          honda civic
200 20.0         6        225.0        100   3651         17.7   76      1                       dodge aspen se
201 18.0         6        250.0         78   3574         21.0   76      1                    ford granada ghia
202 18.5         6        250.0        110   3645         16.2   76      1                   pontiac ventura sj
203 17.5         6        258.0         95   3193         17.8   76      1                        amc pacer d/l
204 29.5         4         97.0         71   1825         12.2   76      2                    volkswagen rabbit
205 32.0         4         85.0         70   1990         17.0   76      3                         datsun b-210
206 28.0         4         97.0         75   2155         16.4   76      3                       toyota corolla
207 26.5         4        140.0         72   2565         13.6   76      1                           ford pinto
208 20.0         4        130.0        102   3150         15.7   76      2                            volvo 245
209 13.0         8        318.0        150   3940         13.2   76      1           plymouth volare premier v8
210 19.0         4        120.0         88   3270         21.9   76      2                          peugeot 504
211 19.0         6        156.0        108   2930         15.5   76      3                       toyota mark ii
212 16.5         6        168.0        120   3820         16.7   76      2                   mercedes-benz 280s
213 16.5         8        350.0        180   4380         12.1   76      1                     cadillac seville
214 13.0         8        350.0        145   4055         12.0   76      1                            chevy c10
215 13.0         8        302.0        130   3870         15.0   76      1                            ford f108
216 13.0         8        318.0        150   3755         14.0   76      1                           dodge d100
217 31.5         4         98.0         68   2045         18.5   77      3                    honda accord cvcc
218 30.0         4        111.0         80   2155         14.8   77      1              buick opel isuzu deluxe
219 36.0         4         79.0         58   1825         18.6   77      2                        renault 5 gtl
220 25.5         4        122.0         96   2300         15.5   77      1                    plymouth arrow gs
221 33.5         4         85.0         70   1945         16.8   77      3                datsun f-10 hatchback
222 17.5         8        305.0        145   3880         12.5   77      1            chevrolet caprice classic
223 17.0         8        260.0        110   4060         19.0   77      1           oldsmobile cutlass supreme
224 15.5         8        318.0        145   4140         13.7   77      1                dodge monaco brougham
225 15.0         8        302.0        130   4295         14.9   77      1              mercury cougar brougham
226 17.5         6        250.0        110   3520         16.4   77      1                   chevrolet concours
227 20.5         6        231.0        105   3425         16.9   77      1                        buick skylark
228 19.0         6        225.0        100   3630         17.7   77      1               plymouth volare custom
229 18.5         6        250.0         98   3525         19.0   77      1                         ford granada
230 16.0         8        400.0        180   4220         11.1   77      1                pontiac grand prix lj
231 15.5         8        350.0        170   4165         11.4   77      1         chevrolet monte carlo landau
232 15.5         8        400.0        190   4325         12.2   77      1                     chrysler cordoba
233 16.0         8        351.0        149   4335         14.5   77      1                     ford thunderbird
234 29.0         4         97.0         78   1940         14.5   77      2             volkswagen rabbit custom
235 24.5         4        151.0         88   2740         16.0   77      1                pontiac sunbird coupe
236 26.0         4         97.0         75   2265         18.2   77      3              toyota corolla liftback
237 25.5         4        140.0         89   2755         15.8   77      1                  ford mustang ii 2+2
238 30.5         4         98.0         63   2051         17.0   77      1                   chevrolet chevette
239 33.5         4         98.0         83   2075         15.9   77      1                       dodge colt m/m
240 30.0         4         97.0         67   1985         16.4   77      3                            subaru dl
241 30.5         4         97.0         78   2190         14.1   77      2                    volkswagen dasher
242 22.0         6        146.0         97   2815         14.5   77      3                           datsun 810
243 21.5         4        121.0        110   2600         12.8   77      2                             bmw 320i
244 21.5         3         80.0        110   2720         13.5   77      3                           mazda rx-4
245 43.1         4         90.0         48   1985         21.5   78      2      volkswagen rabbit custom diesel
246 36.1         4         98.0         66   1800         14.4   78      1                          ford fiesta
247 32.8         4         78.0         52   1985         19.4   78      3                     mazda glc deluxe
248 39.4         4         85.0         70   2070         18.6   78      3                       datsun b210 gx
249 36.1         4         91.0         60   1800         16.4   78      3                     honda civic cvcc
250 19.9         8        260.0        110   3365         15.5   78      1    oldsmobile cutlass salon brougham
251 19.4         8        318.0        140   3735         13.2   78      1                       dodge diplomat
252 20.2         8        302.0        139   3570         12.8   78      1                 mercury monarch ghia
253 19.2         6        231.0        105   3535         19.2   78      1                   pontiac phoenix lj
254 20.5         6        200.0         95   3155         18.2   78      1                     chevrolet malibu
255 20.2         6        200.0         85   2965         15.8   78      1                 ford fairmont (auto)
256 25.1         4        140.0         88   2720         15.4   78      1                  ford fairmont (man)
257 20.5         6        225.0        100   3430         17.2   78      1                      plymouth volare
258 19.4         6        232.0         90   3210         17.2   78      1                          amc concord
259 20.6         6        231.0        105   3380         15.8   78      1                buick century special
260 20.8         6        200.0         85   3070         16.7   78      1                       mercury zephyr
261 18.6         6        225.0        110   3620         18.7   78      1                          dodge aspen
262 18.1         6        258.0        120   3410         15.1   78      1                      amc concord d/l
263 19.2         8        305.0        145   3425         13.2   78      1         chevrolet monte carlo landau
264 17.7         6        231.0        165   3445         13.4   78      1      buick regal sport coupe (turbo)
265 18.1         8        302.0        139   3205         11.2   78      1                          ford futura
266 17.5         8        318.0        140   4080         13.7   78      1                      dodge magnum xe
267 30.0         4         98.0         68   2155         16.5   78      1                   chevrolet chevette
268 27.5         4        134.0         95   2560         14.2   78      3                        toyota corona
269 27.2         4        119.0         97   2300         14.7   78      3                           datsun 510
270 30.9         4        105.0         75   2230         14.5   78      1                           dodge omni
271 21.1         4        134.0         95   2515         14.8   78      3            toyota celica gt liftback
272 23.2         4        156.0        105   2745         16.7   78      1                     plymouth sapporo
273 23.8         4        151.0         85   2855         17.6   78      1               oldsmobile starfire sx
274 23.9         4        119.0         97   2405         14.9   78      3                        datsun 200-sx
275 20.3         5        131.0        103   2830         15.9   78      2                            audi 5000
276 17.0         6        163.0        125   3140         13.6   78      2                          volvo 264gl
277 21.6         4        121.0        115   2795         15.7   78      2                           saab 99gle
278 16.2         6        163.0        133   3410         15.8   78      2                        peugeot 604sl
279 31.5         4         89.0         71   1990         14.9   78      2                  volkswagen scirocco
280 29.5         4         98.0         68   2135         16.6   78      3                      honda accord lx
281 21.5         6        231.0        115   3245         15.4   79      1                    pontiac lemans v6
282 19.8         6        200.0         85   2990         18.2   79      1                     mercury zephyr 6
283 22.3         4        140.0         88   2890         17.3   79      1                      ford fairmont 4
284 20.2         6        232.0         90   3265         18.2   79      1                     amc concord dl 6
285 20.6         6        225.0        110   3360         16.6   79      1                        dodge aspen 6
286 17.0         8        305.0        130   3840         15.4   79      1            chevrolet caprice classic
287 17.6         8        302.0        129   3725         13.4   79      1                      ford ltd landau
288 16.5         8        351.0        138   3955         13.2   79      1                mercury grand marquis
289 18.2         8        318.0        135   3830         15.2   79      1                      dodge st. regis
290 16.9         8        350.0        155   4360         14.9   79      1              buick estate wagon (sw)
291 15.5         8        351.0        142   4054         14.3   79      1             ford country squire (sw)
292 19.2         8        267.0        125   3605         15.0   79      1        chevrolet malibu classic (sw)
293 18.5         8        360.0        150   3940         13.0   79      1 chrysler lebaron town @ country (sw)
294 31.9         4         89.0         71   1925         14.0   79      2                     vw rabbit custom
295 34.1         4         86.0         65   1975         15.2   79      3                     maxda glc deluxe
296 35.7         4         98.0         80   1915         14.4   79      1          dodge colt hatchback custom
297 27.4         4        121.0         80   2670         15.0   79      1                        amc spirit dl
298 25.4         5        183.0         77   3530         20.1   79      2                   mercedes benz 300d
299 23.0         8        350.0        125   3900         17.4   79      1                    cadillac eldorado
300 27.2         4        141.0         71   3190         24.8   79      2                          peugeot 504
301 23.9         8        260.0         90   3420         22.2   79      1    oldsmobile cutlass salon brougham
302 34.2         4        105.0         70   2200         13.2   79      1                     plymouth horizon
303 34.5         4        105.0         70   2150         14.9   79      1                 plymouth horizon tc3
304 31.8         4         85.0         65   2020         19.2   79      3                           datsun 210
305 37.3         4         91.0         69   2130         14.7   79      2                   fiat strada custom
306 28.4         4        151.0         90   2670         16.0   79      1                buick skylark limited
307 28.8         6        173.0        115   2595         11.3   79      1                   chevrolet citation
308 26.8         6        173.0        115   2700         12.9   79      1            oldsmobile omega brougham
309 33.5         4        151.0         90   2556         13.2   79      1                      pontiac phoenix
310 41.5         4         98.0         76   2144         14.7   80      2                            vw rabbit
311 38.1         4         89.0         60   1968         18.8   80      3                toyota corolla tercel
312 32.1         4         98.0         70   2120         15.5   80      1                   chevrolet chevette
313 37.2         4         86.0         65   2019         16.4   80      3                           datsun 310
314 28.0         4        151.0         90   2678         16.5   80      1                   chevrolet citation
315 26.4         4        140.0         88   2870         18.1   80      1                        ford fairmont
316 24.3         4        151.0         90   3003         20.1   80      1                          amc concord
317 19.1         6        225.0         90   3381         18.7   80      1                          dodge aspen
318 34.3         4         97.0         78   2188         15.8   80      2                            audi 4000
319 29.8         4        134.0         90   2711         15.5   80      3               toyota corona liftback
320 31.3         4        120.0         75   2542         17.5   80      3                            mazda 626
321 37.0         4        119.0         92   2434         15.0   80      3                 datsun 510 hatchback
322 32.2         4        108.0         75   2265         15.2   80      3                       toyota corolla
323 46.6         4         86.0         65   2110         17.9   80      3                            mazda glc
324 27.9         4        156.0        105   2800         14.4   80      1                           dodge colt
325 40.8         4         85.0         65   2110         19.2   80      3                           datsun 210
326 44.3         4         90.0         48   2085         21.7   80      2                 vw rabbit c (diesel)
327 43.4         4         90.0         48   2335         23.7   80      2                   vw dasher (diesel)
328 36.4         5        121.0         67   2950         19.9   80      2                  audi 5000s (diesel)
329 30.0         4        146.0         67   3250         21.8   80      2                   mercedes-benz 240d
330 44.6         4         91.0         67   1850         13.8   80      3                  honda civic 1500 gl
331 40.9         4         85.0         NA   1835         17.3   80      2                 renault lecar deluxe
332 33.8         4         97.0         67   2145         18.0   80      3                            subaru dl
333 29.8         4         89.0         62   1845         15.3   80      2                     vokswagen rabbit
334 32.7         6        168.0        132   2910         11.4   80      3                        datsun 280-zx
335 23.7         3         70.0        100   2420         12.5   80      3                        mazda rx-7 gs
336 35.0         4        122.0         88   2500         15.1   80      2                    triumph tr7 coupe
337 23.6         4        140.0         NA   2905         14.3   80      1                   ford mustang cobra
338 32.4         4        107.0         72   2290         17.0   80      3                         honda accord
339 27.2         4        135.0         84   2490         15.7   81      1                     plymouth reliant
340 26.6         4        151.0         84   2635         16.4   81      1                        buick skylark
341 25.8         4        156.0         92   2620         14.4   81      1               dodge aries wagon (sw)
342 23.5         6        173.0        110   2725         12.6   81      1                   chevrolet citation
343 30.0         4        135.0         84   2385         12.9   81      1                     plymouth reliant
344 39.1         4         79.0         58   1755         16.9   81      3                       toyota starlet
345 39.0         4         86.0         64   1875         16.4   81      1                       plymouth champ
346 35.1         4         81.0         60   1760         16.1   81      3                     honda civic 1300
347 32.3         4         97.0         67   2065         17.8   81      3                               subaru
348 37.0         4         85.0         65   1975         19.4   81      3                       datsun 210 mpg
349 37.7         4         89.0         62   2050         17.3   81      3                        toyota tercel
350 34.1         4         91.0         68   1985         16.0   81      3                          mazda glc 4
351 34.7         4        105.0         63   2215         14.9   81      1                   plymouth horizon 4
352 34.4         4         98.0         65   2045         16.2   81      1                       ford escort 4w
353 29.9         4         98.0         65   2380         20.7   81      1                       ford escort 2h
354 33.0         4        105.0         74   2190         14.2   81      2                     volkswagen jetta
355 34.5         4        100.0         NA   2320         15.8   81      2                          renault 18i
356 33.7         4        107.0         75   2210         14.4   81      3                        honda prelude
357 32.4         4        108.0         75   2350         16.8   81      3                       toyota corolla
358 32.9         4        119.0        100   2615         14.8   81      3                         datsun 200sx
359 31.6         4        120.0         74   2635         18.3   81      3                            mazda 626
360 28.1         4        141.0         80   3230         20.4   81      2            peugeot 505s turbo diesel
361 30.7         6        145.0         76   3160         19.6   81      2                         volvo diesel
362 25.4         6        168.0        116   2900         12.6   81      3                      toyota cressida
363 24.2         6        146.0        120   2930         13.8   81      3                    datsun 810 maxima
364 22.4         6        231.0        110   3415         15.8   81      1                        buick century
365 26.6         8        350.0        105   3725         19.0   81      1                oldsmobile cutlass ls
366 20.2         6        200.0         88   3060         17.1   81      1                      ford granada gl
367 17.6         6        225.0         85   3465         16.6   81      1               chrysler lebaron salon
368 28.0         4        112.0         88   2605         19.6   82      1                   chevrolet cavalier
369 27.0         4        112.0         88   2640         18.6   82      1             chevrolet cavalier wagon
370 34.0         4        112.0         88   2395         18.0   82      1            chevrolet cavalier 2-door
371 31.0         4        112.0         85   2575         16.2   82      1           pontiac j2000 se hatchback
372 29.0         4        135.0         84   2525         16.0   82      1                       dodge aries se
373 27.0         4        151.0         90   2735         18.0   82      1                      pontiac phoenix
374 24.0         4        140.0         92   2865         16.4   82      1                 ford fairmont futura
375 36.0         4        105.0         74   1980         15.3   82      2                  volkswagen rabbit l
376 37.0         4         91.0         68   2025         18.2   82      3                   mazda glc custom l
377 31.0         4         91.0         68   1970         17.6   82      3                     mazda glc custom
378 38.0         4        105.0         63   2125         14.7   82      1               plymouth horizon miser
379 36.0         4         98.0         70   2125         17.3   82      1                       mercury lynx l
380 36.0         4        120.0         88   2160         14.5   82      3                     nissan stanza xe
381 36.0         4        107.0         75   2205         14.5   82      3                         honda accord
382 34.0         4        108.0         70   2245         16.9   82      3                       toyota corolla
383 38.0         4         91.0         67   1965         15.0   82      3                          honda civic
384 32.0         4         91.0         67   1965         15.7   82      3                   honda civic (auto)
385 38.0         4         91.0         67   1995         16.2   82      3                        datsun 310 gx
386 25.0         6        181.0        110   2945         16.4   82      1                buick century limited
387 38.0         6        262.0         85   3015         17.0   82      1    oldsmobile cutlass ciera (diesel)
388 26.0         4        156.0         92   2585         14.5   82      1           chrysler lebaron medallion
389 22.0         6        232.0        112   2835         14.7   82      1                       ford granada l
390 32.0         4        144.0         96   2665         13.9   82      3                     toyota celica gt
391 36.0         4        135.0         84   2370         13.0   82      1                    dodge charger 2.2
392 27.0         4        151.0         90   2950         17.3   82      1                     chevrolet camaro
393 27.0         4        140.0         86   2790         15.6   82      1                      ford mustang gl
394 44.0         4         97.0         52   2130         24.6   82      2                            vw pickup
395 32.0         4        135.0         84   2295         11.6   82      1                        dodge rampage
396 28.0         4        120.0         79   2625         18.6   82      1                          ford ranger
397 31.0         4        119.0         82   2720         19.4   82      1                           chevy s-10
> fix(Auto)
> names(Auto)
[1] "mpg"          "cylinders"    "displacement" "horsepower"   "weight"       "acceleration" "year"         "origin"       "name"        
> plot(Auto$mpg)
> plot(Auto$cylinders, Auto$mpg)
> hist(Auto$mpg)
> attach(Auto)
> horsepower
  [1] 130 165 150 150 140 198 220 215 225 190 170 160 150 225  95  95  97  85  88  46  87  90  95 113  90 215 200 210 193  88  90  95  NA 100 105 100  88 100 165 175 153 150 180 170 175 110
 [47]  72 100  88  86  90  70  76  65  69  60  70  95  80  54  90  86 165 175 150 153 150 208 155 160 190  97 150 130 140 150 112  76  87  69  86  92  97  80  88 175 150 145 137 150 198 150
 [93] 158 150 215 225 175 105 100 100  88  95  46 150 167 170 180 100  88  72  94  90  85 107  90 145 230  49  75  91 112 150 110 122 180  95  NA 100 100  67  80  65  75 100 110 105 140 150
[139] 150 140 150  83  67  78  52  61  75  75  75  97  93  67  95 105  72  72 170 145 150 148 110 105 110  95 110 110 129  75  83 100  78  96  71  97  97  70  90  95  88  98 115  53  86  81
[185]  92  79  83 140 150 120 152 100 105  81  90  52  60  70  53 100  78 110  95  71  70  75  72 102 150  88 108 120 180 145 130 150  68  80  58  96  70 145 110 145 130 110 105 100  98 180
[231] 170 190 149  78  88  75  89  63  83  67  78  97 110 110  48  66  52  70  60 110 140 139 105  95  85  88 100  90 105  85 110 120 145 165 139 140  68  95  97  75  95 105  85  97 103 125
[277] 115 133  71  68 115  85  88  90 110 130 129 138 135 155 142 125 150  71  65  80  80  77 125  71  90  70  70  65  69  90 115 115  90  76  60  70  65  90  88  90  90  78  90  75  92  75
[323]  65 105  65  48  48  67  67  67  NA  67  62 132 100  88  NA  72  84  84  92 110  84  58  64  60  67  65  62  68  63  65  65  74  NA  75  75 100  74  80  76 116 120 110 105  88  85  88
[369]  88  88  85  84  90  92  74  68  68  63  70  88  75  70  67  67  67 110  85  92 112  96  84  90  86  52  84  79  82
> identify(horsepower, mpg, names)
Error in as.character(labels) : 
  cannot coerce type 'builtin' to vector of type 'character'
> identify(horsepower, mpg, name)
Error in identify.default(horsepower, mpg, name) : 
  plot.new has not been called yet
> plot(horsepower,mpg)
> identify(horsepower, mpg, name)
Error in identify.default(horsepower, mpg, name) : 
  graphics device closed during call to locator or identify
> summary(Auto)
      mpg          cylinders      displacement     horsepower        weight      acceleration        year           origin          name          
 Min.   : 9.00   Min.   :3.000   Min.   : 68.0   Min.   : 46.0   Min.   :1613   Min.   : 8.00   Min.   :70.00   Min.   :1.000   Length:397        
 1st Qu.:17.50   1st Qu.:4.000   1st Qu.:104.0   1st Qu.: 75.0   1st Qu.:2223   1st Qu.:13.80   1st Qu.:73.00   1st Qu.:1.000   Class :character  
 Median :23.00   Median :4.000   Median :146.0   Median : 93.5   Median :2800   Median :15.50   Median :76.00   Median :1.000   Mode  :character  
 Mean   :23.52   Mean   :5.458   Mean   :193.5   Mean   :104.5   Mean   :2970   Mean   :15.56   Mean   :75.99   Mean   :1.574                     
 3rd Qu.:29.00   3rd Qu.:8.000   3rd Qu.:262.0   3rd Qu.:126.0   3rd Qu.:3609   3rd Qu.:17.10   3rd Qu.:79.00   3rd Qu.:2.000                     
 Max.   :46.60   Max.   :8.000   Max.   :455.0   Max.   :230.0   Max.   :5140   Max.   :24.80   Max.   :82.00   Max.   :3.000                     
                                                 NA's   :5                                                                                        
> Auto = na.omit(Auto)
> summary(Auto)
      mpg          cylinders      displacement     horsepower        weight      acceleration        year           origin          name          
 Min.   : 9.00   Min.   :3.000   Min.   : 68.0   Min.   : 46.0   Min.   :1613   Min.   : 8.00   Min.   :70.00   Min.   :1.000   Length:392        
 1st Qu.:17.00   1st Qu.:4.000   1st Qu.:105.0   1st Qu.: 75.0   1st Qu.:2225   1st Qu.:13.78   1st Qu.:73.00   1st Qu.:1.000   Class :character  
 Median :22.75   Median :4.000   Median :151.0   Median : 93.5   Median :2804   Median :15.50   Median :76.00   Median :1.000   Mode  :character  
 Mean   :23.45   Mean   :5.472   Mean   :194.4   Mean   :104.5   Mean   :2978   Mean   :15.54   Mean   :75.98   Mean   :1.577                     
 3rd Qu.:29.00   3rd Qu.:8.000   3rd Qu.:275.8   3rd Qu.:126.0   3rd Qu.:3615   3rd Qu.:17.02   3rd Qu.:79.00   3rd Qu.:2.000                     
 Max.   :46.60   Max.   :8.000   Max.   :455.0   Max.   :230.0   Max.   :5140   Max.   :24.80   Max.   :82.00   Max.   :3.000                     
> savehistory()
Error in .External2(C_savehistory, file) : 
  'savehistory' is not currently implemented
> savehistory()
Error in .External2(C_savehistory, file) : 
  'savehistory' is not currently implemented
> pairs(Auto)
Error in pairs.default(Auto) : non-numeric argument to 'pairs'
> Auto = na.omit(Auto)
> pairs(Auto)
Error in pairs.default(Auto) : non-numeric argument to 'pairs'
> pairs(~ mgp + displacement + horsepower, Auto)
Error in eval(predvars, data, env) : object 'mgp' not found
> pairs(~ mpg + displacement + horsepower, Auto)
> hist(mpg,col=2,breaks=15)
> pairs(Auto)
Error in pairs.default(Auto) : non-numeric argument to 'pairs'
> pairs(mpg + displacement, Auto)
Error in pairs.default(mpg + displacement, Auto) : 
  only one column in the argument to 'pairs'
> pairs(~ mpg + displacement, Auto)
> 
> identify(horsepower, mpg, name)
warning: no point within 0.25 inches
warning: no point within 0.25 inches
Error in identify.default(horsepower, mpg, name) : 
  graphics device closed during call to locator or identify
> 
> 
> 
> 
> 
Loading required package: RMySQL
Error in .requirePackage(package) : 
  unable to find required package 'RMySQL'
In addition: Warning message:
In library(package, lib.loc = lib.loc, character.only = TRUE, logical.return = TRUE,  :
  there is no package called 'RMySQL'
Loading required package: RMySQL
Error in .requirePackage(package) : 
  unable to find required package 'RMySQL'
In addition: Warning message:
In library(package, lib.loc = lib.loc, character.only = TRUE, logical.return = TRUE,  :
  there is no package called 'RMySQL'
> ls()
 [1] "A"            "Auto"         "DF"           "DT"           "DT1"          "DT2"          "affyData"     "affyMis"      "affyMisSmall" "allTables"    "big_df"       "doc"         
[13] "file"         "fileUrl"      "heights"      "hg19"         "iris2"        "jsonData"     "m"            "myjson"       "n"            "query"        "result"       "rootNode"    
[25] "s1"           "s2"           "scores"       "teams"        "ucscDb"       "v"            "x"            "y"            "z"           
> ls()
 [1] "A"            "Auto"         "DF"           "DT"           "DT1"          "DT2"          "affyData"     "affyMis"      "affyMisSmall" "allTables"    "big_df"       "doc"         
[13] "file"         "fileUrl"      "heights"      "hg19"         "iris2"        "jsonData"     "m"            "myjson"       "n"            "query"        "result"       "rootNode"    
[25] "s1"           "s2"           "scores"       "teams"        "ucscDb"       "v"            "x"            "y"            "z"           
> 